
> merge-discovery@0.1.0 test:production
> playwright test --config playwright.production.config.ts

[WebServer] (node:30496) Warning: The 'NO_COLOR' env is ignored due to the 'FORCE_COLOR' env being set.
[WebServer] (Use `node --trace-warnings ...` to show where the warning was created)
[WebServer] (node:19860) Warning: The 'NO_COLOR' env is ignored due to the 'FORCE_COLOR' env being set.
[WebServer] (Use `node --trace-warnings ...` to show where the warning was created)
[WebServer] (node:21920) Warning: The 'NO_COLOR' env is ignored due to the 'FORCE_COLOR' env being set.
[WebServer] (Use `node --trace-warnings ...` to show where the warning was created)

Running 11 tests using 1 worker

(node:19492) Warning: The 'NO_COLOR' env is ignored due to the 'FORCE_COLOR' env being set.
(Use `node --trace-warnings ...` to show where the warning was created)
  ok  1 tests\production\island-foundation.spec.ts:4:1 › production offline keeps separate world fixture across canonical combine/reload/export (2.9s)
  ok  2 tests\production\pwa.spec.ts:39:1 › production precache opens every eligible route offline, commits and preserves save/export (8.6s)
  ok  3 tests\production\pwa.spec.ts:84:1 › real waiting worker around a discovery waits for acknowledgement, reloads once without XP loss (2.8s)
  ok  4 tests\production\pwa.spec.ts:115:3 › production AA/responsive 320x568 (14.3s)
  ok  5 tests\production\pwa.spec.ts:115:3 › production AA/responsive 390x844 (15.4s)
  ok  6 tests\production\pwa.spec.ts:115:3 › production AA/responsive 768x1024 (14.8s)
  ok  7 tests\production\pwa.spec.ts:115:3 › production AA/responsive 1024x768 (15.1s)
  ok  8 tests\production\pwa.spec.ts:115:3 › production AA/responsive 1440x900 (15.9s)
  ok  9 tests\production\pwa.spec.ts:115:3 › production AA/responsive 1920x1080 (15.5s)
  ok 10 tests\production\pwa.spec.ts:131:1 › production preferences/OS motion, forced colors, extra-large text, zoom reflow, keyboard and viewport changes (19.4s)
  ok 11 tests\production\pwa.spec.ts:157:1 › production structural performance smoke records cold/warm and secondary routes (3.8s)

  11 passed (2.2m)
