
> merge-discovery@0.1.0 test:e2e
> playwright test

[WebServer] (node:13932) Warning: The 'NO_COLOR' env is ignored due to the 'FORCE_COLOR' env being set.
[WebServer] (Use `node --trace-warnings ...` to show where the warning was created)

Running 31 tests using 1 worker

(node:39328) Warning: The 'NO_COLOR' env is ignored due to the 'FORCE_COLOR' env being set.
(Use `node --trace-warnings ...` to show where the warning was created)
  ok  1 tests\e2e\catalog.spec.ts:60:1 › successful result opens its owned sheet explicitly and returns without losing inputs (4.0s)
  ok  2 tests\e2e\catalog.spec.ts:89:1 › fresh knowledge boundary, search and identical unknown deep-link guards (7.3s)
  ok  3 tests\e2e\catalog.spec.ts:147:1 › real routes, shared durable favorites, Laboratory state, known recipes and grouped history (8.2s)
  ok  4 tests\e2e\catalog.spec.ts:221:1 › all six viewports, filter focus/resize retention, accessibility, text zoom and five screenshots (43.3s)
  ok  5 tests\e2e\island-foundation.spec.ts:6:1 › Foundation real Chromium v1 upgrade, atomic generations and stale second tab (990ms)
  ok  6 tests\e2e\island-foundation.spec.ts:58:3 › composition sample initial 1440x900 (1.1s)
  ok  7 tests\e2e\island-foundation.spec.ts:58:3 › composition sample developed 1440x900 (1.0s)
  ok  8 tests\e2e\island-foundation.spec.ts:58:3 › composition sample initial 390x844 (732ms)
  ok  9 tests\e2e\island-foundation.spec.ts:58:3 › composition sample developed 390x844 (734ms)
  ok 10 tests\e2e\island-foundation.spec.ts:58:3 › composition sample initial 320x568 (710ms)
  ok 11 tests\e2e\island-foundation.spec.ts:58:3 › composition sample developed 320x568 (730ms)
  ok 12 tests\e2e\laboratory.spec.ts:79:1 › all six viewports, state preservation, target sizes, keyboard and reduced-motion/contrast/text (2.6s)
  ok 13 tests\e2e\laboratory.spec.ts:160:1 › IndexedDB reload retains discovery, favorite, tested pair and XP; repeat rewards zero (1.2s)
  ok 14 tests\e2e\laboratory.spec.ts:190:1 › keyboard-only experiments traverse all 67 seed elements through the real application (18.0s)
  ok 15 tests\e2e\laboratory.spec.ts:235:1 › required screenshot evidence: desktop reaction and mobile playable states (3.6s)
  ok 16 tests\e2e\map-hints.spec.ts:61:1 › map gate and unknown-query safety, element/Set links and keyboard focus (7.0s)
  ok 17 tests\e2e\map-hints.spec.ts:108:1 › desktop ancestry and possibilities screenshots, persisted information modes (11.1s)
  ok 18 tests\e2e\map-hints.spec.ts:140:1 › manual tiers never expose exact partner/result; laboratory and detail affordances (4.0s)
  ok 19 tests\e2e\map-hints.spec.ts:168:1 › six responsive viewports, structured relationships, reduced motion/contrast and 200% text (13.2s)
  ok 20 tests\e2e\map-hints.spec.ts:222:1 › session proactive hints are nonblocking, respect decline and reset on progress (6.4s)
  ok 21 tests\e2e\recovery.spec.ts:3:1 › isolated fatal-content/boundary fixture is accessible and exports the actual untouched save (2.1s)
  ok 22 tests\e2e\world.spec.ts:75:1 › feature deep-link guards and owned starter sheets without Set browser links (2.0s)
  ok 23 tests\e2e\world.spec.ts:102:1 › normal Set and Collection reveal compose once with reduced motion (1.6s)
  ok 24 tests\e2e\world.spec.ts:133:1 › Collection completion is persistent, lighter, anonymous, searchable and shares favorites (5.7s)
  ok 25 tests\e2e\world.spec.ts:178:1 › unrevealed thematic collections are absent from search and direct detail (2.4s)
  ok 26 tests\e2e\world.spec.ts:203:1 › observed anomaly retries replace both Laboratory slots without an automatic reaction (3.7s)
  ok 27 tests\e2e\world.spec.ts:242:1 › six required Phase 5 screenshots, responsive AA and temporary hidden Set environment (35.2s)
(node:20940) Warning: The 'NO_COLOR' env is ignored due to the 'FORCE_COLOR' env being set.
(Use `node --trace-warnings ...` to show where the warning was created)
  ok 28 tests\e2e\island-proof.spec.ts:29:3 › device 1440 › playable concept loop 1440x900 (15.5s)
  ok 29 tests\e2e\island-proof.spec.ts:29:3 › device 390 › playable concept loop 390x844 (13.9s)
  ok 30 tests\e2e\island-proof.spec.ts:60:1 › small screen, landscape, text, forced colors, no spoilers and explicit east placement (2.9s)
  ok 31 tests\e2e\island-proof.spec.ts:78:1 › UI world failure keeps discovery, explicit retry and waiting update guards the commit (1.8s)

  31 passed (3.8m)
