
> merge-discovery@0.1.0 test:e2e
> playwright test

[WebServer] (node:19328) Warning: The 'NO_COLOR' env is ignored due to the 'FORCE_COLOR' env being set.
[WebServer] (Use `node --trace-warnings ...` to show where the warning was created)

Running 33 tests using 1 worker

(node:34448) Warning: The 'NO_COLOR' env is ignored due to the 'FORCE_COLOR' env being set.
(Use `node --trace-warnings ...` to show where the warning was created)
  ok  1 tests\e2e\catalog.spec.ts:60:1 › successful result opens its owned sheet explicitly and returns without losing inputs (1.6s)
  ok  2 tests\e2e\catalog.spec.ts:89:1 › fresh knowledge boundary, search and identical unknown deep-link guards (7.6s)
  ok  3 tests\e2e\catalog.spec.ts:147:1 › real routes, shared durable favorites, Laboratory state, known recipes and grouped history (8.0s)
  ok  4 tests\e2e\catalog.spec.ts:221:1 › all six viewports, filter focus/resize retention, accessibility, text zoom and five screenshots (1.0m)
  ok  5 tests\e2e\island-foundation.spec.ts:6:1 › Foundation real Chromium v1 upgrade, atomic generations and stale second tab (1.7s)
  ok  6 tests\e2e\island-foundation.spec.ts:58:3 › composition sample initial 1440x900 (1.7s)
  ok  7 tests\e2e\island-foundation.spec.ts:58:3 › composition sample developed 1440x900 (1.6s)
  ok  8 tests\e2e\island-foundation.spec.ts:58:3 › composition sample initial 390x844 (1.1s)
  ok  9 tests\e2e\island-foundation.spec.ts:58:3 › composition sample developed 390x844 (900ms)
  ok 10 tests\e2e\island-foundation.spec.ts:58:3 › composition sample initial 320x568 (1.2s)
  ok 11 tests\e2e\island-foundation.spec.ts:58:3 › composition sample developed 320x568 (1.2s)
  ok 12 tests\e2e\laboratory.spec.ts:79:1 › all six viewports, state preservation, target sizes, keyboard and reduced-motion/contrast/text (4.0s)
  ok 13 tests\e2e\laboratory.spec.ts:160:1 › IndexedDB reload retains discovery, favorite, tested pair and XP; repeat rewards zero (1.5s)
  ok 14 tests\e2e\laboratory.spec.ts:190:1 › keyboard-only experiments traverse all 67 seed elements through the real application (27.1s)
  ok 15 tests\e2e\laboratory.spec.ts:235:1 › required screenshot evidence: desktop reaction and mobile playable states (4.4s)
  ok 16 tests\e2e\map-hints.spec.ts:61:1 › map gate and unknown-query safety, element/Set links and keyboard focus (7.7s)
  ok 17 tests\e2e\map-hints.spec.ts:108:1 › desktop ancestry and possibilities screenshots, persisted information modes (13.5s)
  ok 18 tests\e2e\map-hints.spec.ts:140:1 › manual tiers never expose exact partner/result; laboratory and detail affordances (4.0s)
  ok 19 tests\e2e\map-hints.spec.ts:168:1 › six responsive viewports, structured relationships, reduced motion/contrast and 200% text (15.9s)
  ok 20 tests\e2e\map-hints.spec.ts:222:1 › session proactive hints are nonblocking, respect decline and reset on progress (6.9s)
  ok 21 tests\e2e\recovery.spec.ts:3:1 › isolated fatal-content/boundary fixture is accessible and exports the actual untouched save (3.3s)
  ok 22 tests\e2e\world.spec.ts:75:1 › feature deep-link guards and owned starter sheets without Set browser links (3.1s)
  ok 23 tests\e2e\world.spec.ts:102:1 › normal Set and Collection reveal compose once with reduced motion (1.8s)
  ok 24 tests\e2e\world.spec.ts:133:1 › Collection completion is persistent, lighter, anonymous, searchable and shares favorites (10.5s)
  ok 25 tests\e2e\world.spec.ts:178:1 › unrevealed thematic collections are absent from search and direct detail (2.5s)
  ok 26 tests\e2e\world.spec.ts:203:1 › observed anomaly retries replace both Laboratory slots without an automatic reaction (2.9s)
  ok 27 tests\e2e\world.spec.ts:242:1 › six required Phase 5 screenshots, responsive AA and temporary hidden Set environment (28.7s)
(node:32504) Warning: The 'NO_COLOR' env is ignored due to the 'FORCE_COLOR' env being set.
(Use `node --trace-warnings ...` to show where the warning was created)
  ok 28 tests\e2e\island-proof.spec.ts:40:3 › device 1440 › playable concept loop 1440x900 (17.2s)
  ok 29 tests\e2e\island-proof.spec.ts:40:3 › device 390 › playable concept loop 390x844 (15.9s)
  ok 30 tests\e2e\island-proof.spec.ts:82:1 › small screen, landscape, text, forced colors, no spoilers and explicit east placement (2.4s)
  ok 31 tests\e2e\island-proof.spec.ts:100:1 › UI world failure keeps discovery, explicit retry and waiting update guards the commit (1.5s)
  ok 32 tests\e2e\island-proof.spec.ts:117:1 › world projection failure never blocks primary discovery and hides the cue (1.2s)
  ok 33 tests\e2e\island-proof.spec.ts:125:1 › world navigation waits for canonical commit; browser Back cannot leave an invisible reveal lock (1.3s)

  33 passed (4.5m)
